Starting position:

  0 1 2
0 . . .
1 . * .
2 . . .

*** Iterate ***

  0 1 2
0 . . .
1 . . .
2 . . .
