Starting position:

  0 1 2 3
0 . . . .
1 . * * .
2 . * * .
3 . . . .

*** Iterate ***

  0 1 2 3
0 . . . .
1 . * * .
2 . * * .
3 . . . .
